
 Working directory              : /tmp/lme/molpro.cbkF3Gs0ej/
 Global scratch directory       : /tmp/lme/molpro.cbkF3Gs0ej/
 Wavefunction directory         : /home/lme/wfu/
 Main file repository           : /tmp/lme/molpro.cbkF3Gs0ej/

 id        : liedlgroup

 Nodes     nprocs
 sv1-c724     1
 GA implementation: MPI file
 GA implementation (serial work in mppx): MPI file

 Using customized tuning parameters: mindgm=1; mindgv=20; mindgc=4; mindgr=1; noblas=0; minvec=7
 default implementation of scratch files=df  


 Variables initialized (1042), CPU time= 0.01 sec
 
                    orient,mass
                    geometry=initial.xyz
 Including file /home/lme/Theoretische_Chemie/Nomodeco/ase_databank_integration/test/Water_dimer.molpro/run/Water_dimer_1.molpro/initial.xyz
                    mass, iso
                    basis=6-311g(d,p)
                    {hf
                    start, atden}
                    optg;
                    {frequencies, symm=auto, print=0, analytical}
                    put, molden, Water_dimer.molden
 Commands initialized (847), CPU time= 0.00 sec, 718 directives.
 Default parameters read. Elapsed time= 0.06 sec

 Checking input...
 Passed
1


                                         ***  PROGRAM SYSTEM MOLPRO  ***
                                       Copyright, TTI GmbH Stuttgart, 2015
                                    Version 2024.1 linked Wed Jan 31 11:42:09 2024


 **********************************************************************************************************************************
 LABEL *                                                                                                                                                                 
  (6 PROC) 64 bit serial version                                                         DATE: 30-Sep-24          TIME: 15:18:02  
 **********************************************************************************************************************************

 SHA1:             675817fde4514a4a933b69e420913a90cee4ef91
 **********************************************************************************************************************************

 Memory per process:        32 MW
 Total memory per node:     32 MW

 GA preallocation disabled
 GA check disabled

 Variable memory set to 32.0 MW

 ZCENTRE=MASS


 Geometry recognized as XYZ



 Using masses of most abundant isotopes

 **********************************************************************************************************************************
 SETTING BASIS          =    6-311G(D,P)


 Recomputing integrals since basis changed


 Using spherical harmonics

 Library entry O      S 6-311G               selected for orbital group  1
 Library entry O      P 6-311G               selected for orbital group  1
 Library entry O      D 6-311G*              selected for orbital group  1
 Library entry H      S 6-311G               selected for orbital group  2
 Library entry H      P 6-311G**             selected for orbital group  2


 PROGRAM * SEWARD (Integral evaluation for generally contracted gaussian basis sets)     Author: Roland Lindh, 1990

 Geometry written to block  1 of record 700

 Orientation using atomic masses  
 Molecule type: Asymmetric top
 Symmetry elements: Y
 Rotational constants:       6.4326921      6.4296197    214.3969234 GHz

 Point group  Cs  



 ATOMIC COORDINATES

 NR  ATOM    CHARGE       X              Y              Z

   1  O       8.00   -0.125571732    0.000000000   -2.812110806
   2  H       1.00    1.554399765    0.000000000   -3.482166653
   3  H       1.00    0.109257292    0.000000000   -1.005782046
   4  O       8.00    0.123250774    0.000000000    2.682152774
   5  H       1.00   -0.813410896   -1.433472539    3.275238223
   6  H       1.00   -0.813410896    1.433472539    3.275238223

 Bond lengths in Bohr (Angstrom)

 1-2  1.808667761  1-3  1.821529099  4-5  1.812161404  4-6  1.812161404
     ( 0.957105761)     ( 0.963911688)     ( 0.958954517)     ( 0.958954517)

 Bond angles

  2-1-3  104.33745388   5-4-6  104.56358740

 NUCLEAR CHARGE:                   20
 NUMBER OF PRIMITIVE AOS:          96
 NUMBER OF SYMMETRY AOS:           94
 NUMBER OF CONTRACTIONS:           60   (   42A'  +   18A"  )
 NUMBER OF INNER CORE ORBITALS:     0   (    0A'  +    0A"  )
 NUMBER OF OUTER CORE ORBITALS:     2   (    2A'  +    0A"  )
 NUMBER OF VALENCE ORBITALS:       12   (    9A'  +    3A"  )


 NUCLEAR REPULSION ENERGY   36.66284801


 Eigenvalues of metric

         1 0.138E-01 0.187E-01 0.400E-01 0.535E-01 0.897E-01 0.906E-01 0.107E+00 0.114E+00
         2 0.405E-01 0.981E-01 0.124E+00 0.215E+00 0.391E+00 0.455E+00 0.553E+00 0.651E+00


 Contracted 2-electron integrals neglected if value below      1.0D-11
 AO integral compression algorithm  1   Integral accuracy      1.0D-11

     3.670 MB (compressed) written to integral file ( 39.4%)


 NUMBER OF SORTED TWO-ELECTRON INTEGRALS:     886101.     BUFFER LENGTH:  32768
 NUMBER OF SEGMENTS:   1  SEGMENT LENGTH:     886101      RECORD LENGTH: 524288

 Memory used in sort:       1.44 MW

 SORT1 READ     1112376. AND WROTE      658534. INTEGRALS IN      2 RECORDS. CPU TIME:     0.01 SEC, REAL TIME:     0.02 SEC
 SORT2 READ      658534. AND WROTE      886101. INTEGRALS IN     14 RECORDS. CPU TIME:     0.04 SEC, REAL TIME:     0.03 SEC

 FILE SIZES:   FILE 1:    33.8 MBYTE,  FILE 4:     8.5 MBYTE,   TOTAL:     42.3 MBYTE

 OPERATOR DM      FOR CENTER  0  COORDINATES:    0.000000    0.000000    0.000000


 **********************************************************************************************************************************
 DATASETS  * FILE   NREC   LENGTH (MB)   RECORD NAMES
              1      19       31.39       500      610      700      900      950      970     1000      129      960     1100   
                                          VAR    BASINP    GEOM    SYMINP    ZMAT    AOBASIS   BASIS     P2S    ABASIS      S 
                                         1400     1410     1200     1210     1080     1600     1650     1300     1700   
                                           T        V       H0       H01     AOSYM     SMH    MOLCAS    ERIS     OPER   

 PROGRAMS   *        TOTAL       INT
 CPU TIMES  *         0.34      0.24
 REAL TIME  *         0.42 SEC
 DISK USED  *        40.75 MB
 **********************************************************************************************************************************


 Program * Restricted Hartree-Fock

 Orbital guess generated from atomic densities.

 Initial occupancy:   8   2

 NELEC=   20   SYM=1   MS2= 0   THRE=1.0D-08   THRD=1.0D-06   THRG=1.0D-06  HFMA2=F  DIIS_START=2   DIIS_MAX=10   DIIS_INCORE=F

 Level shifts:    0.00 (CLOSED)    0.00 (OPEN)    0.30 (GAP_MIN)

 ITER           ETOT              DE          GRAD        DDIFF     DIIS  NEXP   TIME(IT)  TIME(TOT)  DIAG
   1     -152.03071462    -152.03071462     0.00D+00     0.82D-01     0     0       0.01      0.03    start
   2     -152.08514920      -0.05443458     0.17D-01     0.13D-01     1     0       0.00      0.03    diag
   3     -152.10102534      -0.01587614     0.93D-02     0.42D-02     2     0       0.01      0.04    diag
   4     -152.10144185      -0.00041651     0.10D-02     0.84D-03     3     0       0.00      0.04    diag
   5     -152.10147928      -0.00003743     0.27D-03     0.32D-03     4     0       0.01      0.05    diag
   6     -152.10148100      -0.00000172     0.53D-04     0.65D-04     5     0       0.00      0.05    diag
   7     -152.10148111      -0.00000010     0.18D-04     0.12D-04     6     0       0.01      0.06    diag
   8     -152.10148112      -0.00000001     0.51D-05     0.55D-05     7     0       0.00      0.06    fixocc
   9     -152.10148112      -0.00000000     0.58D-06     0.75D-06     8     0       0.01      0.07    diag
  10     -152.10148112      -0.00000000     0.11D-06     0.10D-06     0     0       0.00      0.07    diag/orth

 Final occupancy:   8   2

 !RHF STATE 1.1 Energy               -152.101481119781
  RHF One-electron energy            -282.861352724666
  RHF Two-electron energy              94.097023591878
  RHF Kinetic energy                  152.102829158713
  RHF Nuclear energy                   36.662848013006
  RHF Virial quotient                  -0.999991137318

 !RHF STATE 1.1 Dipole moment          -0.00408997     0.00000000     1.10732831
 Dipole moment /Debye                  -0.01039565     0.00000000     2.81454783

 Orbital energies:

           1.1          2.1          3.1          4.1          5.1          6.1          7.1          8.1          9.1         10.1
    -20.578308   -20.510712    -1.373318    -1.308556    -0.681534    -0.605720    -0.548674    -0.521329     0.131352     0.194608

           1.2          2.2          3.2          4.2
     -0.736409    -0.469092     0.203193     0.537498


 HOMO      2.2    -0.469092 =     -12.7646eV
 LUMO      9.1     0.131352 =       3.5743eV
 LUMO-HOMO         0.600444 =      16.3389eV

 Orbitals saved in record  2100.2


 **********************************************************************************************************************************
 DATASETS  * FILE   NREC   LENGTH (MB)   RECORD NAMES
              1      19       31.39       500      610      700      900      950      970     1000      129      960     1100   
                                          VAR    BASINP    GEOM    SYMINP    ZMAT    AOBASIS   BASIS     P2S    ABASIS      S 
                                         1400     1410     1200     1210     1080     1600     1650     1300     1700   
                                           T        V       H0       H01     AOSYM     SMH    MOLCAS    ERIS     OPER   

              2       4        0.50       700     1000      520     2100   
                                         GEOM     BASIS   MCVARS     RHF  

 PROGRAMS   *        TOTAL    HF-SCF       INT
 CPU TIMES  *         0.42      0.08      0.24
 REAL TIME  *         0.50 SEC
 DISK USED  *        40.75 MB
 **********************************************************************************************************************************


 PROGRAM * OPT (Geometry optimization)     Authors: F. Eckert and H.-J. Werner


 BFGS update of hessian

 *** Long output written to logfile /home/lme/Theoretische_Chemie/Nomodeco/ase_databank_integration/test/Water_dimer.molpro/run/Water_dimer_1.molpro/Water_dimer_1.log ***


 Geometry optimization using default procedure for command HF-SCF

 Geometry written to block  1 of record 700

 PQS Optimization using delocalized internal coordinates

 Point group cs. Number of degrees of freedom:    8

 ITER.   ENERGY(OLD)    ENERGY(NEW)      DE          GRADMAX     GRADNORM    GRADRMS     STEPMAX     STEPLEN     STEPRMS   CPU-time
   1  -152.10148112  -152.10278311    -0.00130199  0.02094937  0.03660068  0.01294030  0.06581306  0.07860592  0.02779139      0.45
   2  -152.10278311  -152.10284570    -0.00006259  0.00202628  0.00279510  0.00098822  0.02893671  0.03972592  0.01404524      0.90
   3  -152.10284570  -152.10288429    -0.00003859  0.00086295  0.00134522  0.00047561  0.03088170  0.05055866  0.01787519      1.33
   4  -152.10288429  -152.10289906    -0.00001477  0.00087032  0.00113913  0.00040274  0.02064306  0.04002830  0.01415214      1.75
   5  -152.10289906  -152.10290061    -0.00000155  0.00040473  0.00051485  0.00018203  0.00646795  0.00956290  0.00338100      2.20
   6  -152.10290061  -152.10290146    -0.00000085  0.00019060  0.00027802  0.00009829  0.00403094  0.00472517  0.00167060      2.66

 END OF GEOMETRY OPTIMIZATION.

 Geometry written to block  1 of record 700

 Recomputing wavefunction for reoriented structure

 Current geometry (xyz format, in Angstrom)

    6
 HF-SCF000/6-311G(D,P)  ENERGY=-152.10290146
 O         -0.0646786557        0.0000000000       -1.5234100701
 H          0.8031920397        0.0000000000       -1.8855149917
 H          0.0546551810        0.0000000000       -0.5858454571
 O          0.0612246935        0.0000000000        1.4546051878
 H         -0.4015151736       -0.7524093114        1.7816717898
 H         -0.4015151736        0.7524093114        1.7816717898

 **********************************************************************************************************************************


 **********************************************************************************************************************************
 DATASETS  * FILE   NREC   LENGTH (MB)   RECORD NAMES
              1      19       31.33       500      610      700      900      950      970     1000      129      960     1100   
                                          VAR    BASINP    GEOM    SYMINP    ZMAT    AOBASIS   BASIS     P2S    ABASIS      S 
                                         1400     1410     1200     1210     1080     1600     1650     1300     1700   
                                           T        V       H0       H01     AOSYM     SMH    MOLCAS    ERIS     OPER   

              2       4        0.50       700     1000      520     2100   
                                         GEOM     BASIS   MCVARS     RHF  

 PROGRAMS   *        TOTAL      OPTG    HF-SCF       INT
 CPU TIMES  *         3.29      2.87      0.08      0.24
 REAL TIME  *         3.66 SEC
 DISK USED  *        41.17 MB
 **********************************************************************************************************************************


 PROGRAM * HESSIAN

 PROGRAM * MCKINLEY (Hessian of the energy)     Author: A. Bernhardsson, R. Lindh

 Orbitals from record         2100.2

 Number of closed-shell orbitals: 10 (  8  2 )
 Number of occupied orbitals:     10 (  8  2 )

 Number of electrons= 20     Singlet     Space symmetry=1      Wavefunction type: CLOSED          


 McKinley needed      2.31 seconds of CPU time

 Entering CPHF calculation

 CPHF needed 137 iterations for 18 perturbations.  Total CPU time:    0.70 sec


 HF-SCF hessian saved to record  5300.2

 PROGRAM * FREQUENCIES (Calculation of harmonic vibrational spectra for HF-SCF)


 Permanent Dipole Moment [debye]
     1-   3    0.000000    0.000000    0.000000

 Dipole Moment Norm    0.0000000 [debye]

 Dipole Moment Derivatives [debye/ang]
              1             2             3             4             5             6             7             8
    1    0.00000000    0.00000000    0.00000000    0.00000000    0.00000000    0.00000000    0.00000000    0.00000000
    2    0.00000000    0.00000000    0.00000000    0.00000000    0.00000000    0.00000000    0.00000000    0.00000000
    3    0.00000000    0.00000000    0.00000000    0.00000000    0.00000000    0.00000000    0.00000000    0.00000000
              9            10            11            12            13            14            15            16
    1    0.00000000    0.00000000    0.00000000    0.00000000    0.00000000    0.00000000    0.00000000    0.00000000
    2    0.00000000    0.00000000    0.00000000    0.00000000    0.00000000    0.00000000    0.00000000    0.00000000
    3    0.00000000    0.00000000    0.00000000    0.00000000    0.00000000    0.00000000    0.00000000    0.00000000
             17            18
    1    0.00000000    0.00000000
    2    0.00000000    0.00000000
    3    0.00000000    0.00000000

 Projecting out rotations and translations

 Force Constants (Second Derivatives of the Energy) in [a.u.]
                             OX1         OY1         OZ1         HX2         HY2     
           OX1           0.6054026
           OY1           0.0000000   0.0043400
           OZ1          -0.1165631  -0.0000000   0.7219941
           HX2          -0.5383253  -0.0000000   0.2262466   0.5342467
           HY2           0.0000000  -0.0008810   0.0000000   0.0000000   0.0004676
           HZ2           0.1634673  -0.0000000  -0.1315895  -0.2179554   0.0000000
           HX3          -0.0697814   0.0000000  -0.1096024   0.0043735   0.0000000
           HY3          -0.0000000  -0.0064059   0.0000000  -0.0000000   0.0006844
           HZ3          -0.0476422  -0.0000000  -0.5837966  -0.0076524   0.0000000
           OX4           0.0037021  -0.0000000  -0.0000562  -0.0003019  -0.0000000
           OY4           0.0000000   0.0045842  -0.0000000   0.0000000  -0.0006913
           OZ4           0.0028045   0.0000000  -0.0071111  -0.0008073  -0.0000000
           HX5          -0.0004990   0.0002660  -0.0000125   0.0000035  -0.0001721
           HY5           0.0000537  -0.0008187  -0.0009791  -0.0000372   0.0002101
           HZ5          -0.0010333  -0.0016967   0.0002515   0.0000843   0.0001312
           HX6          -0.0004990  -0.0002660  -0.0000125   0.0000035   0.0001721
           HY6          -0.0000537  -0.0008187   0.0009791   0.0000372   0.0002101
           HZ6          -0.0010333   0.0016967   0.0002515   0.0000843  -0.0001312
                             HZ2         HX3         HY3         HZ3         OX4     
           HZ2           0.1505626
           HX3           0.0553524   0.0691312
           HY3          -0.0000000   0.0000000   0.0111150
           HZ3          -0.0181735   0.0541389   0.0000000   0.6043423
           OX4          -0.0009927  -0.0049234   0.0000000   0.0016105   0.3557228
           OY4          -0.0000000  -0.0000000  -0.0071692  -0.0000000  -0.0000000
           OZ4          -0.0010420  -0.0041618  -0.0000000  -0.0006971  -0.2492484
           HX5           0.0000642   0.0006001  -0.0002789  -0.0002274  -0.1770998
           HY5           0.0000521  -0.0001496   0.0008878   0.0020122  -0.1952691
           HZ5           0.0001211   0.0021365   0.0035274  -0.0008375   0.1243434
           HX6           0.0000642   0.0006001   0.0002789  -0.0002274  -0.1770998
           HY6          -0.0000521   0.0001496   0.0008878  -0.0020122   0.1952691
           HZ6           0.0001211   0.0021365  -0.0035274  -0.0008375   0.1243434
                             OY4         OZ4         HX5         HY5         HZ5     
           OY4           0.8097214
           OZ4          -0.0000000   0.1924063
           HX5          -0.2472931   0.1257065   0.1647043
           HY5          -0.4032226   0.1372870   0.2214401   0.4353932
           HZ5           0.1730945  -0.0917781  -0.1167875  -0.1567143   0.0858857
           HX6           0.2472931   0.1257065   0.0122908  -0.0260380  -0.0087434
           HY6          -0.4032226  -0.1372870   0.0260380  -0.0324498  -0.0183421
           HZ6          -0.1730945  -0.0917781  -0.0087434   0.0183421   0.0063573
                             HX6         HY6         HZ6     
           HX6           0.1647043
           HY6          -0.2214401   0.4353932
           HZ6          -0.1167875   0.1567143   0.0858857


 Atomic Masses
     1-   6   15.994910    1.007825    1.007825   15.994910    1.007825    1.007825

 Mass weighted Second Derivative Matrix
                             OX1         OY1         OZ1         HX2         HY2     
           OX1           0.0378497
           OY1           0.0000000   0.0002713
           OZ1          -0.0072875  -0.0000000   0.0451390
           HX2          -0.1340792  -0.0000000   0.0563506   0.5300987
           HY2           0.0000000  -0.0002194   0.0000000   0.0000000   0.0004640
           HZ2           0.0407143  -0.0000000  -0.0327746  -0.2162632   0.0000000
           HX3          -0.0173803   0.0000000  -0.0272984   0.0043395   0.0000000
           HY3          -0.0000000  -0.0015955   0.0000000  -0.0000000   0.0006791
           HZ3          -0.0118661  -0.0000000  -0.1454046  -0.0075930   0.0000000
           OX4           0.0002315  -0.0000000  -0.0000035  -0.0000752  -0.0000000
           OY4           0.0000000   0.0002866  -0.0000000   0.0000000  -0.0001722
           OZ4           0.0001753   0.0000000  -0.0004446  -0.0002011  -0.0000000
           HX5          -0.0001243   0.0000663  -0.0000031   0.0000035  -0.0001708
           HY5           0.0000134  -0.0002039  -0.0002439  -0.0000369   0.0002085
           HZ5          -0.0002573  -0.0004226   0.0000626   0.0000836   0.0001302
           HX6          -0.0001243  -0.0000663  -0.0000031   0.0000035   0.0001708
           HY6          -0.0000134  -0.0002039   0.0002439   0.0000369   0.0002085
           HZ6          -0.0002573   0.0004226   0.0000626   0.0000836  -0.0001302
                             HZ2         HX3         HY3         HZ3         OX4     
           HZ2           0.1493936
           HX3           0.0549226   0.0685944
           HY3          -0.0000000   0.0000000   0.0110287
           HZ3          -0.0180324   0.0537185   0.0000000   0.5996500
           OX4          -0.0002472  -0.0012263   0.0000000   0.0004011   0.0222398
           OY4          -0.0000000  -0.0000000  -0.0017856  -0.0000000  -0.0000000
           OZ4          -0.0002595  -0.0010366  -0.0000000  -0.0001736  -0.0155830
           HX5           0.0000637   0.0005954  -0.0002767  -0.0002256  -0.0441098
           HY5           0.0000517  -0.0001484   0.0008810   0.0019965  -0.0486351
           HZ5           0.0001202   0.0021199   0.0035000  -0.0008310   0.0309699
           HX6           0.0000637   0.0005954   0.0002767  -0.0002256  -0.0441098
           HY6          -0.0000517   0.0001484   0.0008810  -0.0019965   0.0486351
           HZ6           0.0001202   0.0021199  -0.0035000  -0.0008310   0.0309699
                             OY4         OZ4         HX5         HY5         HZ5     
           OY4           0.0506237
           OZ4          -0.0000000   0.0120292
           HX5          -0.0615926   0.0313094   0.1634255
           HY5          -0.1004295   0.0341937   0.2197208   0.4320127
           HZ5           0.0431122  -0.0228589  -0.1158807  -0.1554975   0.0852188
           HX6           0.0615926   0.0313094   0.0121954  -0.0258358  -0.0086755
           HY6          -0.1004295  -0.0341937   0.0258358  -0.0321979  -0.0181997
           HZ6          -0.0431122  -0.0228589  -0.0086755   0.0181997   0.0063079
                             HX6         HY6         HZ6     
           HX6           0.1634255
           HY6          -0.2197208   0.4320127
           HZ6          -0.1158807   0.1554975   0.0852188


 Mass Weighted 2nd Derivative Matrix Eigenvalues
     1-  10    0.000000    0.000000    0.000000    0.000000    0.000000    0.000000    0.000459    0.000683    0.000781    0.001105
    11-  18    0.004969    0.014067    0.115932    0.119552    0.635100    0.646927    0.672086    0.677037

 Mass Weighted 2nd Derivative Matrix Eigenvectors
              1             2             3             4             5             6             7             8
    1   -0.02394556   -0.03442209    0.01506593    0.03347069    0.57239925    0.75087302    0.00000000    0.03713449
    2   -0.25171013   -0.32536482    0.17330489    0.25314004    0.62786555   -0.51633313    0.00489309    0.00000000
    3    0.31902404   -0.25828281    0.27402522    0.40418747   -0.17591805    0.08344927    0.00000000   -0.28049455
    4   -0.02664177   -0.02501390    0.00004252    0.01102000    0.15072997    0.21745608    0.00000000    0.18697343
    5    0.01701614   -0.26416151    0.36900396   -0.37071203    0.10325125   -0.08115603    0.49083573    0.00000000
    6    0.03063296   -0.10407592    0.05982270    0.10773301   -0.02726483    0.09039218    0.00000000    0.35400480
    7    0.04740734    0.03375364    0.01346354    0.00162231    0.12543140    0.11345944    0.00000000   -0.42530790
    8   -0.06921477   -0.03328564    0.11434890    0.01182197    0.09218686   -0.07682963   -0.41039853    0.00000000
    9    0.07328110   -0.07022911    0.06755246    0.10232047   -0.04183539    0.03049594    0.00000000   -0.01464384
   10    0.65200067    0.50202863    0.13757769   -0.05231478    0.34146501   -0.19844474    0.00000000   -0.12423617
   11   -0.41395324    0.46764770    0.68043984    0.09987411   -0.11206956    0.07556442   -0.14124843    0.00000000
   12    0.29044665   -0.28096267    0.26884572    0.40781428   -0.16615470    0.12358415    0.00000000   -0.02669323
   13    0.24640321    0.00595776    0.32840380   -0.38943738    0.01380143   -0.01931542   -0.09986648    0.29266539
   14   -0.14898560    0.22466074    0.00078787    0.25769440   -0.00701441   -0.00060768    0.23138811   -0.00274616
   15    0.08627180    0.00639192    0.09214448    0.10511110   -0.09487080    0.02913678    0.47098340    0.44220799
   16    0.11819164    0.27565496   -0.25258046    0.35844374    0.14489208   -0.13265252    0.09986648    0.29266539
   17   -0.14898560    0.22466074    0.00078787    0.25769440   -0.00701441   -0.00060768    0.23138811    0.00274616
   18    0.11227132   -0.10559656    0.05238171    0.09293285   -0.00655905   -0.04114835   -0.47098340    0.44220799
              9            10            11            12            13            14            15            16
    1    0.00000000   -0.01672408   -0.04808650    0.00000000   -0.02363821   -0.23141682   -0.10911829   -0.02798128
    2   -0.24466335    0.00000000    0.00000000   -0.12635713    0.00000000    0.00000000    0.00000000    0.00000000
    3    0.00000000   -0.62002426   -0.10544941    0.00000000   -0.01547026   -0.12415149   -0.17362962   -0.02390808
    4    0.00000000   -0.04171204    0.21558838    0.00000000    0.02460451    0.24474596    0.35370789    0.09982565
    5    0.62847036    0.00000000    0.00000000    0.05653295    0.00000000    0.00000000    0.00000000    0.00000000
    6    0.00000000   -0.24616488    0.51374630    0.00000000    0.05919134    0.59334974   -0.17828143   -0.04810867
    7    0.00000000    0.09156068   -0.51354348    0.00000000    0.06768452    0.70685210    0.08009818    0.01051667
    8    0.14386210    0.00000000    0.00000000    0.88168085    0.00000000    0.00000000    0.00000000    0.00000000
    9    0.00000000   -0.16691995    0.03670400    0.00000000   -0.00719166   -0.09649451    0.87262392    0.14547747
   10    0.00000000    0.04887651    0.23349367    0.00000000   -0.21753860    0.00992994    0.03006342   -0.15656320
   11    0.01968065    0.00000000    0.00000000   -0.15527258    0.00000000    0.00000000    0.00000000    0.00000000
   12    0.00000000    0.70379283    0.14102521    0.00000000    0.16107934   -0.02231004   -0.02141333    0.11126868
   13   -0.35267857   -0.08896887   -0.22033566   -0.00963898    0.43425647   -0.03461850   -0.05943334    0.31242367
   14    0.06197764    0.00262812    0.00336022    0.09187236   -0.41247519    0.04106346   -0.10324716    0.56293544
   15   -0.36581035    0.03968350   -0.34608873    0.28486868   -0.31603912    0.04330966    0.04133555   -0.22269831
   16    0.35267857   -0.08896887   -0.22033566    0.00963898    0.43425647   -0.03461850   -0.05943334    0.31242367
   17    0.06197764   -0.00262812   -0.00336022    0.09187236    0.41247519   -0.04106346    0.10324716   -0.56293544
   18    0.36581035    0.03968350   -0.34608873   -0.28486868   -0.31603912    0.04330966    0.04133555   -0.22269831
             17            18
    1   -0.18619887    0.00000000
    2    0.00000000   -0.00007967
    3    0.18586757    0.00000000
    4    0.80608852    0.00000000
    5    0.00000000    0.00014363
    6   -0.35300497    0.00000000
    7   -0.06386532    0.00000000
    8    0.00000000   -0.00060315
    9   -0.38802285    0.00000000
   10    0.00623922    0.00000000
   11    0.00000000   -0.27250237
   12   -0.00461161    0.00000000
   13   -0.01264929    0.33396583
   14   -0.02441267    0.54318692
   15    0.00946949   -0.23724634
   16   -0.01264929   -0.33396583
   17    0.02441267    0.54318692
   18    0.00946949    0.23724634

   Low Vibration      Wavenumber
        Nr             [1/cm] 
        1                0.00
        2                0.00
        3                0.00
        4                0.00
        5                0.00
        6                0.00

     Vibration        Wavenumber
        Nr             [1/cm] 
        1              110.18
        2              134.30
        3              143.63
        4              170.90
        5              362.34
        6              609.68
        7             1750.27
        8             1777.39
        9             4096.62
       10             4134.59
       11             4214.21
       12             4229.71

 FREQUENCIES * CALCULATION OF NORMAL MODES FOR HF-SCF


 Atomic Coordinates

  Nr  Atom  Charge       X              Y              Z

   1   O     8.00   -0.122224945    0.000000000   -2.878827808
   2   H     1.00    1.517812980    0.000000000   -3.563106938
   3   H     1.00    0.103283323    0.000000000   -1.107087465
   4   O     8.00    0.115697903    0.000000000    2.748805424
   5   H     1.00   -0.758753713   -1.421847532    3.366871727
   6   H     1.00   -0.758753713    1.421847532    3.366871727

 Gradient norm at reference geometry: 0.33552D-03

 Normal Modes

                              1 A``       2 A`        3 A``       4 A`        5 A` 
 Wavenumbers [cm-1]          110.18      134.30      143.63      170.90      362.34
 Intensities [km/mol]          0.00        0.00        0.00        0.00        0.00
 Intensities [relative]        0.00        0.00        0.00        0.00        0.00
           OX1             -0.00000     0.00929    -0.00000    -0.00418    -0.01202
           OY1              0.00122    -0.00000    -0.06118     0.00000     0.00000
           OZ1              0.00000    -0.07013     0.00000    -0.15503    -0.02637
           HX2             -0.00000     0.18625    -0.00000    -0.04155     0.21475
           HY2              0.48893     0.00000     0.62603    -0.00000     0.00000
           HZ2             -0.00000     0.35263    -0.00000    -0.24521     0.51175
           HX3              0.00000    -0.42365     0.00000     0.09120    -0.51155
           HY3             -0.40880     0.00000     0.14330     0.00000     0.00000
           HZ3             -0.00000    -0.01459     0.00000    -0.16627     0.03656
           OX4              0.00000    -0.03106     0.00000     0.01222     0.05838
           OY4             -0.03532     0.00000     0.00492    -0.00000     0.00000
           OZ4              0.00000    -0.00667     0.00000     0.17598     0.03526
           HX5             -0.09948     0.29153    -0.35131    -0.08862    -0.21948
           HY5              0.23049    -0.00274     0.06174     0.00262     0.00335
           HZ5              0.46915     0.44049    -0.36439     0.03953    -0.34474
           HX6              0.09948     0.29153     0.35131    -0.08862    -0.21948
           HY6              0.23049     0.00274     0.06174    -0.00262    -0.00335
           HZ6             -0.46915     0.44049     0.36439     0.03953    -0.34474

                              6 A``       7 A`        8 A`        9 A`       10 A` 
 Wavenumbers [cm-1]          609.68     1750.27     1777.39     4096.62     4134.59
 Intensities [km/mol]          0.00        0.00        0.00        0.00        0.00
 Intensities [relative]        0.00        0.00        0.00        0.00        0.00
           OX1              0.00000    -0.00591    -0.05786    -0.02728    -0.00700
           OY1             -0.03159     0.00000    -0.00000     0.00000     0.00000
           OZ1              0.00000    -0.00387    -0.03104    -0.04341    -0.00598
           HX2              0.00000     0.02451     0.24379     0.35233     0.09944
           HY2              0.05631    -0.00000     0.00000     0.00000    -0.00000
           HZ2              0.00000     0.05896     0.59104    -0.17759    -0.04792
           HX3             -0.00000     0.06742     0.70410     0.07979     0.01048
           HY3              0.87825    -0.00000     0.00000     0.00000    -0.00000
           HZ3              0.00000    -0.00716    -0.09612     0.86923     0.14491
           OX4              0.00000    -0.05439     0.00248     0.00752    -0.03915
           OY4             -0.03882    -0.00000     0.00000     0.00000    -0.00000
           OZ4              0.00000     0.04028    -0.00558    -0.00535     0.02782
           HX5             -0.00960     0.43257    -0.03448    -0.05920     0.31121
           HY5              0.09152    -0.41087     0.04090    -0.10285     0.56075
           HZ5              0.28376    -0.31481     0.04314     0.04117    -0.22183
           HX6              0.00960     0.43257    -0.03448    -0.05920     0.31121
           HY6              0.09152     0.41087    -0.04090     0.10285    -0.56075
           HZ6             -0.28376    -0.31481     0.04314     0.04117    -0.22183

                             11 A`       12 A``
 Wavenumbers [cm-1]         4214.21     4229.71
 Intensities [km/mol]          0.00        0.00
 Intensities [relative]        0.00        0.00
           OX1             -0.04656     0.00000
           OY1             -0.00000    -0.00002
           OZ1              0.04647     0.00000
           HX2              0.80295    -0.00000
           HY2              0.00000     0.00014
           HZ2             -0.35163    -0.00000
           HX3             -0.06362     0.00000
           HY3              0.00000    -0.00060
           HZ3             -0.38651    -0.00000
           OX4              0.00156     0.00000
           OY4              0.00000    -0.06814
           OZ4             -0.00115    -0.00000
           HX5             -0.01260     0.33267
           HY5             -0.02432     0.54107
           HZ5              0.00943    -0.23632
           HX6             -0.01260    -0.33267
           HY6              0.02432     0.54107
           HZ6              0.00943     0.23632


 Normal Modes of low/zero frequencies

                                  1           2           3           4           5
 Wavenumbers [cm-1]            0.00        0.00        0.00        0.00        0.00
 Intensities [km/mol]          0.00        0.00        0.00        0.00        0.00
 Intensities [relative]        0.00        0.00        0.00        0.00        0.00
           OX1             -0.00599    -0.00861     0.00377     0.00837     0.14312
           OY1             -0.06294    -0.08135     0.04333     0.06330     0.15699
           OZ1              0.07977    -0.06458     0.06852     0.10106    -0.04399
           HX2             -0.02654    -0.02492     0.00004     0.01098     0.15014
           HY2              0.01695    -0.26313     0.36757    -0.36927     0.10285
           HZ2              0.03051    -0.10367     0.05959     0.10731    -0.02716
           HX3              0.04722     0.03362     0.01341     0.00162     0.12494
           HY3             -0.06895    -0.03316     0.11390     0.01178     0.09183
           HZ3              0.07300    -0.06996     0.06729     0.10192    -0.04167
           OX4              0.16303     0.12553     0.03440    -0.01308     0.08538
           OY4             -0.10350     0.11693     0.17014     0.02497    -0.02802
           OZ4              0.07262    -0.07025     0.06722     0.10197    -0.04155
           HX5              0.24544     0.00593     0.32713    -0.38792     0.01375
           HY5             -0.14841     0.22379     0.00078     0.25669    -0.00699
           HZ5              0.08594     0.00637     0.09179     0.10470    -0.09450
           HX6              0.11773     0.27458    -0.25160     0.35705     0.14433
           HY6             -0.14841     0.22379     0.00078     0.25669    -0.00699
           HZ6              0.11183    -0.10519     0.05218     0.09257    -0.00653

                                  6
 Wavenumbers [cm-1]            0.00
 Intensities [km/mol]          0.00
 Intensities [relative]        0.00
           OX1              0.18775
           OY1             -0.12910
           OZ1              0.02087
           HX2              0.21661
           HY2             -0.08084
           HZ2              0.09004
           HX3              0.11302
           HY3             -0.07653
           HZ3              0.03038
           OX4             -0.04962
           OY4              0.01889
           OZ4              0.03090
           HX5             -0.01924
           HY5             -0.00061
           HZ5              0.02902
           HX6             -0.13214
           HY6             -0.00061
           HZ6             -0.04099


 Frequencies dumped to record   5400.2
 Frequency information read from record  5400.2

 Zero point energy:  0.04951327 [H]    10866.91 [1/CM]      130.00 [KJ/MOL]


 **********************************************************************************************************************************
 DATASETS  * FILE   NREC   LENGTH (MB)   RECORD NAMES
              1      19       31.33       500      610      700      900      950      970     1000      129      960     1100   
                                          VAR    BASINP    GEOM    SYMINP    ZMAT    AOBASIS   BASIS     P2S    ABASIS      S 
                                         1400     1410     1200     1210     1080     1600     1650     1300     1700   
                                           T        V       H0       H01     AOSYM     SMH    MOLCAS    ERIS     OPER   

              2       7        0.53       700     1000      520     2100     5300     5450     5400   
                                         GEOM     BASIS   MCVARS     RHF     HESS     NMOD     FREQ   

              4       5        0.53      4100     4000     4200     4300     4400   

 PROGRAMS   *        TOTAL      FREQ      OPTG    HF-SCF       INT
 CPU TIMES  *         6.30      3.01      2.87      0.08      0.24
 REAL TIME  *         6.78 SEC
 DISK USED  *        41.17 MB
 **********************************************************************************************************************************

 Dump information in style MOLDEN to water_dimer.molden                                                              

 Molecular orbitals read from record     2100.2  Type=RHF/CANONICAL  
 Occupation numbers read from record     2100.2  Type=RHF/RHF  
 Orbital energies read from record       2100.2  Type=RHF/CANONICAL  
 Redundancy group numbers read from rec  2100.2  Type=RHF/RHF  

 DUMP ORBITAL  1.1 AS ORBITAL    1  occ=    2.0000  eig=  -20.5718  GROUP=   2
 DUMP ORBITAL  2.1 AS ORBITAL    2  occ=    2.0000  eig=  -20.5101  GROUP=   2
 DUMP ORBITAL  3.1 AS ORBITAL    3  occ=    2.0000  eig=   -1.3777  GROUP=   2
 DUMP ORBITAL  4.1 AS ORBITAL    4  occ=    2.0000  eig=   -1.3193  GROUP=   2
 DUMP ORBITAL  1.2 AS ORBITAL    5  occ=    2.0000  eig=   -0.7458  GROUP=   2
 DUMP ORBITAL  5.1 AS ORBITAL    6  occ=    2.0000  eig=   -0.6925  GROUP=   2
 DUMP ORBITAL  6.1 AS ORBITAL    7  occ=    2.0000  eig=   -0.6036  GROUP=   2
 DUMP ORBITAL  7.1 AS ORBITAL    8  occ=    2.0000  eig=   -0.5487  GROUP=   2
 DUMP ORBITAL  8.1 AS ORBITAL    9  occ=    2.0000  eig=   -0.5237  GROUP=   2
 DUMP ORBITAL  2.2 AS ORBITAL   10  occ=    2.0000  eig=   -0.4725  GROUP=   2

 Total charge:      20.000000
 Frequency information read from record  5400.2

 **********************************************************************************************************************************

 HF/6-311G(D,P)//HF/6-311G(D,P) energy=   -152.102901459103

    OPTG(HF-SCF)          HF-SCF
   -152.10290146   -152.10148112
 **********************************************************************************************************************************
 Molpro calculation terminated
